❯ Building...
✔ Building...
Initial chunk files | Names         |  Raw size
styles.css          | styles        | 493.94 kB |
main.js             | main          | 234.46 kB |

                    | Initial total | 728.40 kB

Application bundle generation complete. [3.137 seconds] - 2026-09-06T15:30:17.671Z

Watch mode enabled. Watching for file changes...
NOTE: Raw file sizes do not reflect development server per-request transformations.
  ➜  Local:   http://localhost:4200/
❯ Changes detected. Rebuilding...
✔ Changes detected. Rebuilding...
Initial chunk files | Names |  Raw size
main.js             | main  | 236.52 kB |

Application bundle generation complete. [1.179 seconds] - 2026-09-06T15:34:22.693Z

Page reload sent to client(s).
❯ Changes detected. Rebuilding...
✔ Changes detected. Rebuilding...
Initial chunk files | Names |  Raw size
main.js             | main  | 238.15 kB |

Application bundle generation complete. [0.852 seconds] - 2026-09-06T15:34:33.728Z

Component update sent to client(s).
